// Jest Snapshot v1, https://goo.gl/fbAQLP

exports[`Header 组件渲染样式正常 1`] = `
<div
  className="header"
>
  <div
    className="header-content"
  >
    TodoList
    <input
      className="header-input"
      data-test="input"
      onChange={[Function]}
      onKeyUp={[Function]}
      placeholder="Todo"
      value=""
    />
  </div>
</div>
`;

exports[`Un 组件渲染样式正常 1`] = `
<div>
  UndoList
</div>
`;

exports[`未完成列表初始化 count 数目为 0 1`] = `
<div>
  UndoList
</div>
`;

exports[`未完成列表初始化 count 数目为 0，列表为无内容 1`] = `
<div>
  UndoList
</div>
`;
