// Jest Snapshot v1, https://goo.gl/fbAQLP

exports[`UndoList 组件 渲染样式正常 1`] = `
<div
  className="undo-list"
>
  <div
    className="undo-list-title"
  >
    正在进行
    <div
      className="undo-list-count"
      data-test="count"
    >
      3
    </div>
  </div>
  <ul
    className="undo-list-content"
  >
    <li
      className="undo-list-item"
      data-test="list-item"
      key="0"
      onClick={[Function]}
    >
      学习Jest
      <div
        className="undo-list-delete"
        data-test="delete-item"
        onClick={[Function]}
      >
        -
      </div>
    </li>
    <li
      className="undo-list-item"
      data-test="list-item"
      key="1"
      onClick={[Function]}
    >
      学习TDD
      <div
        className="undo-list-delete"
        data-test="delete-item"
        onClick={[Function]}
      >
        -
      </div>
    </li>
    <li
      className="undo-list-item"
      data-test="list-item"
      key="2"
      onClick={[Function]}
    >
      学习单元测试
      <div
        className="undo-list-delete"
        data-test="delete-item"
        onClick={[Function]}
      >
        -
      </div>
    </li>
  </ul>
</div>
`;
